** Drc report for rc2014-ym2149.kicad_pcb **
** Created on 2026-07-20T20:24:08 **

** Found 8 DRC violations **
[nonmirrored_text_on_back_layer]: Non-Mirrored text on back layer
    ; warning
    @(159.205 mm, 160.075 mm): Footprint text of G1 (4)
[text_thickness]: Text thickness out of range (TrueType font characters with insufficient stroke weight)
    ; warning
    @(153.616818 mm, 159.9 mm): PCB text 'CC BY-SA https://creativecommons.org' on B.Silkscreen
[text_thickness]: Text thickness out of range (TrueType font characters with insufficient stroke weight)
    ; warning
    @(130.7 mm, 153.8 mm): PCB text 'https://maidavale.org/projects/rc2014-ym2149' on B.Silkscreen
[text_thickness]: Text thickness out of range (TrueType font characters with insufficient stroke weight)
    ; warning
    @(153.616818 mm, 148.15 mm): PCB text 'YM/AY sound card' on B.Silkscreen
[lib_footprint_issues]: The current configuration does not include the footprint library 'electrified'
    ; warning
    @(149.05 mm, 126.2 mm): Footprint CON1
[lib_footprint_issues]: The current configuration does not include the footprint library 'electrified'
    ; warning
    @(114.26 mm, 118.4 mm): Footprint RV2
[lib_footprint_issues]: The current configuration does not include the footprint library 'electrified'
    ; warning
    @(124.3 mm, 118.4 mm): Footprint RV3
[lib_footprint_issues]: The current configuration does not include the footprint library 'electrified'
    ; warning
    @(104.22 mm, 118.4 mm): Footprint RV1

** Found 0 unconnected pads **

** Found 0 Footprint errors **

** End of Report **
